// Jest Snapshot v1, https://goo.gl/fbAQLP

exports[`a counter describes the count and label 1`] = `
<p
  className="mb2"
>
  Word count 
  34
</p>
`;
